
> ecommerce@0.1.0 build
> next build

node.exe : [baseline-
browser-mapping] The 
data in this module 
is over two months 
old.  To ensure 
accurate Baseline 
data, please update: 
`npm i baseline-brows
er-mapping@latest -D`
At line:1 char:1
+ & "C:\Program Files
\nodejs/node.exe" 
"C:\Program 
Files\nodejs/node_mo 
...
+ ~~~~~~~~~~~~~~~~~~~
~~~~~~~~~~~~~~~~~~~~~
~~~~~~~~~~~~~~~~~~~~~
~~~~~~~~
    + CategoryInfo   
           : NotSpe  
  cified: ([baseli   
 ne-brows...ping@    
latest -D`:Strin    
g) [], RemoteExc    
eption
    + FullyQualified 
   ErrorId : Native  
  CommandError
 
   Γû▓ Next.js 16.0.3 (Turbopack)
   - Environments: .env.local

 ΓÜá The 
"middleware" file 
convention is 
deprecated. Please 
use "proxy" instead. 
Learn more: https://n
extjs.org/docs/messag
es/middleware-to-prox
y
   Creating an optimized production build ...
[baseline-browser-map
ping] The data in 
this module is over 
two months old.  To 
ensure accurate 
Baseline data, 
please update: `npm 
i baseline-browser-ma
pping@latest -D`
Error: Cannot apply 
unknown utility 
class `shadow-[0_4px_
12px_rgba(37,`
    [2m[at 
onInvalidCandidate 
(C:\Users\STAR COMPUT
ET\Desktop\project\ec
ommerce\node_modules\
tailwindcss\dist\lib.
js:21:1511)][0m
    [2m[at Te 
(C:\Users\STAR COMPUT
ET\Desktop\project\ec
ommerce\node_modules\
tailwindcss\dist\lib.
js:16:36038)][0m
    [2m[at 
C:\Users\STAR COMPUTE
T\Desktop\project\eco
mmerce\node_modules\t
ailwindcss\dist\lib.j
s:21:355][0m
    [2m[at Tr 
(C:\Users\STAR COMPUT
ET\Desktop\project\ec
ommerce\node_modules\
tailwindcss\dist\lib.
js:3:1718)][0m
    [2m[at _ 
(C:\Users\STAR COMPUT
ET\Desktop\project\ec
ommerce\node_modules\
tailwindcss\dist\lib.
js:3:1377)][0m
    [2m[at Se 
(C:\Users\STAR COMPUT
ET\Desktop\project\ec
ommerce\node_modules\
tailwindcss\dist\lib.
js:21:172)][0m
    [2m[at ln 
(C:\Users\STAR COMPUT
ET\Desktop\project\ec
ommerce\node_modules\
tailwindcss\dist\lib.
js:38:294)][0m
    [2m[at async sn 
(C:\Users\STAR COMPUT
ET\Desktop\project\ec
ommerce\node_modules\
tailwindcss\dist\lib.
js:38:631)][0m
    [2m[at async Qr 
(C:\Users\STAR COMPUT
ET\Desktop\project\ec
ommerce\node_modules\
@tailwindcss\node\dis
t\index.js:10:3385)]
[0m
    [2m[at async I 
(C:\Users\STAR COMPUT
ET\Desktop\project\ec
ommerce\node_modules\
@tailwindcss\postcss\
dist\index.js:10:3978
)][0m

> Build error 
occurred
Error: Turbopack 
build failed with 1 
errors:
./app/globals.css
Error evaluating 
Node.js code
CssSyntaxError: 
tailwindcss: 
C:\Users\STAR COMPUTE
T\Desktop\project\eco
mmerce\app\globals.cs
s:1:1: Cannot apply 
unknown utility 
class `shadow-[0_4px_
12px_rgba(37,`
    at Input.error (n
ode_modules/postcss/l
ib/input.js:135:16) 
[C:\Users\STAR COMPUT
ET\Desktop\project\ec
ommerce\.next\build\c
hunks\node_modules_fe
693df6._.js:4651:22]
    at Root.error (no
de_modules/postcss/li
b/node.js:146:32) 
[C:\Users\STAR COMPUT
ET\Desktop\project\ec
ommerce\.next\build\c
hunks\node_modules_fe
693df6._.js:928:38]
    [at Object.Once 
(C:\Users\STAR COMPUT
ET\Desktop\project\ec
ommerce\node_modules\
@tailwindcss\postcss\
dist\index.js:10:6912
)]
    at async 
LazyResult.runAsync (
node_modules/postcss/
lib/lazy-result.js:29
3:11) [C:\Users\STAR 
COMPUTET\Desktop\proj
ect\ecommerce\.next\b
uild\chunks\node_modu
les_fe693df6._.js:620
6:21]
    at async 
transform (turbopack:
///[turbopack-node]/t
ransforms/postcss.ts:
70:34) 
[C:\Users\STAR COMPUT
ET\Desktop\project\ec
ommerce\.next\build\c
hunks\[root-of-the-se
rver]__51225daf._.js:
146:36]
    at async run (tur
bopack:///[turbopack-
node]/ipc/evaluate.ts
:92:23) 
[C:\Users\STAR COMPUT
ET\Desktop\project\ec
ommerce\.next\build\c
hunks\[root-of-the-se
rver]__974941ed._.js:
443:31]

Import trace:
  Client Component 
Browser:
    
./app/globals.css 
[Client Component 
Browser]
    ./app/layout.tsx 
[Server Component]


    at async 
transform (turbopack:
///[turbopack-node]/t
ransforms/postcss.ts:
70:34) 
[C:\Users\STAR COMPUT
ET\Desktop\project\ec
ommerce\.next\build\c
hunks\[root-of-the-se
rver]__51225daf._.js:
146:36])
    at async run (tur
bopack:///[turbopack-
node]/ipc/evaluate.ts
:92:23) 
[C:\Users\STAR COMPUT
ET\Desktop\project\ec
ommerce\.next\build\c
hunks\[root-of-the-se
rver]__974941ed._.js:
443:31])
